// Jest Snapshot v1, https://goo.gl/fbAQLP

exports[`<HumusBalanceCell /> renders 1`] = `
<div
  className="table__cell table__cell--right"
>
  10.00
</div>
`;
